Γû▓ Next.js 16.2.1 (Turbopack)
- Environments: .env.local

  Creating an optimized production build ...
node.exe : Found 1 warning while optimizing generated 
CSS:
At C:\Program Files\nodejs\npx.ps1:29 char:3
+   & $NODE_EXE $NPX_CLI_JS $args
+   ~~~~~~~~~~~~~~~~~~~~~~~~~~~~~
    + CategoryInfo          : NotSpecified: (Found 1 war 
   ning... generated CSS::String) [], RemoteException
    + FullyQualifiedErrorId : NativeCommandError
 

[2mΓöé   }[22m
[2mΓöé }[22m
[2mΓöé[22m @import url('https://fonts.googleapis.com/cs
s2?family=Inter:wght@400;500;600;700;800&display=swap');
[2mΓöå[22m        [33m[2m^--[22m @import rules must 
precede all rules aside from @charset and @layer 
statements[39m
[2mΓöå[22m
[2mΓöé :root {[22m
[2mΓöé   --bg-primary: #0a0e1a;[22m

Γ£ô Compiled successfully in 4.2s
  Running TypeScript ...
Failed to type check.

.next/dev/types/validator.ts:62:39
Type error: Cannot find module 
'../../../app/api/pgs/create/route.js' or its 
corresponding type declarations.

  [90m60 |[0m {
  [90m61 |[0m   [36mtype[0m 
__IsExpected<[33mSpecific[0m [36mextends[0m 
[33mRouteHandlerConfig[0m<[32m"/api/pgs/create"[0m>> 
= [33mSpecific[0m
[31m[1m>[0m [90m62 |[0m   [36mconst[0m handler = 
{} [36mas[0m [36mtypeof[0m [36mimport[0m([32m"../.
./../app/api/pgs/create/route.js"[0m)
  [90m   |[0m                                       
[31m[1m^[0m
  [90m63 |[0m   [36mtype[0m __Check = 
__IsExpected<[36mtypeof[0m handler>
  [90m64 |[0m   [90m// @ts-ignore[0m
  [90m65 |[0m   [36mtype[0m __Unused = __Check
Next.js build worker exited with code: 1 and signal: null
